// Jest Snapshot v1, https://goo.gl/fbAQLP

exports[`Home renders trip details form modal unchanged 1`] = `
<div>
  <section
    class="wrapper"
  >
    <h2
      class="title"
    >
      Edit a trip
    </h2>
    <form>
      <div
        class="inputGroup"
      >
        <label
          class="label"
        >
          Name*
        </label>
        <input
          aria-label="title"
          class="input"
          name="title"
          placeholder="Country"
          required=""
          type="text"
          value="Portugal"
        />
      </div>
      <div
        class="inputGroup"
      >
        <label
          class="label"
        >
          Description (max. 240 characters)*
        </label>
        <textarea
          aria-label="description"
          class="textarea"
          maxlength="240"
          name="description"
          placeholder="From Rome to Venice"
          required=""
          rows="5"
        >
          Embark on a journey through Portugal, where the charming streets of Lisbon captivate you, the golden beaches of the Algarve await, and Portuguese cuisine delights with authentic flavors. Explore castles in Sintra and create unforgettable memories in this destination full of history and beauty. Portugal invites you to experience something truly unique!
        </textarea>
      </div>
      <div
        class="inputGroup"
      >
        <label
          class="label"
        >
          Image
        </label>
        <input
          aria-label="photo_url"
          class="input"
          name="photo_url"
          pattern="[Hh][Tt][Tt][Pp][Ss]?:\\/\\/(?:(?:[a-zA-Z\\u00a1-\\uffff0-9]+-?)*[a-zA-Z\\u00a1-\\uffff0-9]+)(?:\\.(?:[a-zA-Z\\u00a1-\\uffff0-9]+-?)*[a-zA-Z\\u00a1-\\uffff0-9]+)*(?:\\.(?:[a-zA-Z\\u00a1-\\uffff]{2,}))(?::\\d{2,5})?(?:\\/[^\\s]*)?"
          placeholder="Image URL"
          type="url"
          value="https://a.cdn-hotels.com/gdcs/production82/d1923/447a348f-f875-4885-b00a-e9a90603fef5.jpg"
        />
      </div>
      <div
        class="itineraryHeader"
      >
        <label
          class="label"
        >
          Day by day itinerary
        </label>
        <img
          alt="Add icon"
          class="iconAdd"
          data-nimg="1"
          decoding="async"
          height="0"
          loading="lazy"
          role="button"
          src="/images/plus-circle.svg"
          style="color: transparent;"
          width="0"
        />
      </div>
      <section
        class="wrapper"
      >
        <div
          class="day"
        >
          <div
            class="leftColumn"
          >
            <select
              aria-label="day"
              class="select"
              name="day"
            >
              <option
                disabled=""
              >
                Day
              </option>
              <option
                value="1"
              >
                1
              </option>
              <option
                value="2"
              >
                2
              </option>
              <option
                value="3"
              >
                3
              </option>
              <option
                value="4"
              >
                4
              </option>
              <option
                value="5"
              >
                5
              </option>
              <option
                value="6"
              >
                6
              </option>
              <option
                value="7"
              >
                7
              </option>
              <option
                value="8"
              >
                8
              </option>
              <option
                value="9"
              >
                9
              </option>
              <option
                value="10"
              >
                10
              </option>
              <option
                value="11"
              >
                11
              </option>
              <option
                value="12"
              >
                12
              </option>
              <option
                value="13"
              >
                13
              </option>
              <option
                value="14"
              >
                14
              </option>
              <option
                value="15"
              >
                15
              </option>
            </select>
          </div>
          <div
            class="rightColumn"
          >
            <input
              aria-label="location"
              class="input"
              name="location"
              placeholder="Location"
              type="text"
              value="Lisbon"
            />
            <textarea
              aria-label="itineraryDescription"
              class="textarea"
              name="description"
              placeholder="Description"
              rows="5"
            >
              Explore the Alfama neighborhood and visit São Jorge Castle.
            </textarea>
          </div>
        </div>
      </section>
      <section
        class="wrapper"
      >
        <div
          class="day"
        >
          <div
            class="leftColumn"
          >
            <select
              aria-label="day"
              class="select"
              name="day"
            >
              <option
                disabled=""
              >
                Day
              </option>
              <option
                value="1"
              >
                1
              </option>
              <option
                value="2"
              >
                2
              </option>
              <option
                value="3"
              >
                3
              </option>
              <option
                value="4"
              >
                4
              </option>
              <option
                value="5"
              >
                5
              </option>
              <option
                value="6"
              >
                6
              </option>
              <option
                value="7"
              >
                7
              </option>
              <option
                value="8"
              >
                8
              </option>
              <option
                value="9"
              >
                9
              </option>
              <option
                value="10"
              >
                10
              </option>
              <option
                value="11"
              >
                11
              </option>
              <option
                value="12"
              >
                12
              </option>
              <option
                value="13"
              >
                13
              </option>
              <option
                value="14"
              >
                14
              </option>
              <option
                value="15"
              >
                15
              </option>
            </select>
          </div>
          <div
            class="rightColumn"
          >
            <input
              aria-label="location"
              class="input"
              name="location"
              placeholder="Location"
              type="text"
              value="Lisbon"
            />
            <textarea
              aria-label="itineraryDescription"
              class="textarea"
              name="description"
              placeholder="Description"
              rows="5"
            >
              Visit the Jerónimos Monastery and the Monument to the Discoveries.
            </textarea>
          </div>
        </div>
      </section>
      <button
        class="button primary medium disabled"
        disabled=""
        type="submit"
      >
        Save
      </button>
    </form>
  </section>
</div>
`;
